25 random 0 63 complete
25 construction 0 63 complete
25 simple_repair 0 63 complete
25 random 1 63 complete
25 simple_repair 1 63 complete
25 construction 1 63 complete
25 random 2 63 complete
25 simple_repair 2 63 complete
25 construction 2 63 complete
31 random 0 90 complete
31 simple_repair 0 90 complete
31 construction 0 90 complete
31 random 1 90 complete
31 simple_repair 1 90 complete
31 construction 1 90 complete
31 construction 2 90 complete
31 random 2 90 complete
31 simple_repair 2 90 complete
35 construction 0 102 complete
35 simple_repair 0 102 complete
35 random 0 101 complete
35 construction 1 102 complete
35 simple_repair 1 103 complete
35 random 1 102 complete
35 simple_repair 2 103 complete
35 construction 2 102 complete
35 random 2 101 complete
40 random 0 124 complete
40 construction 0 125 complete
40 simple_repair 0 124 complete
40 simple_repair 1 124 complete
40 construction 1 125 complete
40 random 1 124 complete
40 random 2 124 complete
40 construction 2 125 complete
40 simple_repair 2 124 complete
