{
  "paid_eur_recorded": 0.0,
  "local_seconds_recorded": 23430.051102047037,
  "label_collection_seconds": 8717.953596577012,
  "classical_tuning_seconds": 5760.031322333991,
  "calibration_seconds": 2160.005170919001,
  "model_training_seconds": 59.840318961003504,
  "training_seconds_by_family": {
    "gnn": 48.27755716899992,
    "mlp": 11.562761792003585
  },
  "model_scenarios": [
    {
      "family": "gnn",
      "seed": 6000000,
      "mean_of_three_graph_median_selection_seconds": 0.0013859098332128876,
      "adaptive_mean_of_three_graph_median_selection_seconds": 4.534833654664301e-06,
      "decisions_per_search_scenario": 30,
      "seconds_saved_per_decision": -0.0013813749995582234,
      "seconds_saved_per_search_scenario": -0.041441249986746705,
      "model_training_seconds": 6.4354784170009225,
      "shared_label_and_tuning_seconds": 14477.984918911003,
      "searches_to_recover_model_training_only": null,
      "searches_to_recover_training_labels_and_tuning": null,
      "finite_inference_only_break_even": false,
      "interpretation": "no finite recovery through faster selection; learned selection has no measured speed advantage"
    },
    {
      "family": "gnn",
      "seed": 6000001,
      "mean_of_three_graph_median_selection_seconds": 0.0013863680002638528,
      "adaptive_mean_of_three_graph_median_selection_seconds": 4.534833654664301e-06,
      "decisions_per_search_scenario": 30,
      "seconds_saved_per_decision": -0.0013818331666091885,
      "seconds_saved_per_search_scenario": -0.04145499499827566,
      "model_training_seconds": 5.966166999998677,
      "shared_label_and_tuning_seconds": 14477.984918911003,
      "searches_to_recover_model_training_only": null,
      "searches_to_recover_training_labels_and_tuning": null,
      "finite_inference_only_break_even": false,
      "interpretation": "no finite recovery through faster selection; learned selection has no measured speed advantage"
    },
    {
      "family": "gnn",
      "seed": 6000002,
      "mean_of_three_graph_median_selection_seconds": 0.0013793541666018427,
      "adaptive_mean_of_three_graph_median_selection_seconds": 4.534833654664301e-06,
      "decisions_per_search_scenario": 30,
      "seconds_saved_per_decision": -0.0013748193329471785,
      "seconds_saved_per_search_scenario": -0.04124457998841535,
      "model_training_seconds": 5.984945249998418,
      "shared_label_and_tuning_seconds": 14477.984918911003,
      "searches_to_recover_model_training_only": null,
      "searches_to_recover_training_labels_and_tuning": null,
      "finite_inference_only_break_even": false,
      "interpretation": "no finite recovery through faster selection; learned selection has no measured speed advantage"
    },
    {
      "family": "gnn",
      "seed": 6000003,
      "mean_of_three_graph_median_selection_seconds": 0.001387472166849572,
      "adaptive_mean_of_three_graph_median_selection_seconds": 4.534833654664301e-06,
      "decisions_per_search_scenario": 30,
      "seconds_saved_per_decision": -0.0013829373331949077,
      "seconds_saved_per_search_scenario": -0.041488119995847235,
      "model_training_seconds": 5.960757458000444,
      "shared_label_and_tuning_seconds": 14477.984918911003,
      "searches_to_recover_model_training_only": null,
      "searches_to_recover_training_labels_and_tuning": null,
      "finite_inference_only_break_even": false,
      "interpretation": "no finite recovery through faster selection; learned selection has no measured speed advantage"
    },
    {
      "family": "gnn",
      "seed": 6000004,
      "mean_of_three_graph_median_selection_seconds": 0.001391208167054477,
      "adaptive_mean_of_three_graph_median_selection_seconds": 4.534833654664301e-06,
      "decisions_per_search_scenario": 30,
      "seconds_saved_per_decision": -0.0013866733333998127,
      "seconds_saved_per_search_scenario": -0.04160020000199438,
      "model_training_seconds": 5.993276208999305,
      "shared_label_and_tuning_seconds": 14477.984918911003,
      "searches_to_recover_model_training_only": null,
      "searches_to_recover_training_labels_and_tuning": null,
      "finite_inference_only_break_even": false,
      "interpretation": "no finite recovery through faster selection; learned selection has no measured speed advantage"
    },
    {
      "family": "gnn",
      "seed": 6000005,
      "mean_of_three_graph_median_selection_seconds": 0.0013804168332474849,
      "adaptive_mean_of_three_graph_median_selection_seconds": 4.534833654664301e-06,
      "decisions_per_search_scenario": 30,
      "seconds_saved_per_decision": -0.0013758819995928206,
      "seconds_saved_per_search_scenario": -0.04127645998778462,
      "model_training_seconds": 5.969670167000004,
      "shared_label_and_tuning_seconds": 14477.984918911003,
      "searches_to_recover_model_training_only": null,
      "searches_to_recover_training_labels_and_tuning": null,
      "finite_inference_only_break_even": false,
      "interpretation": "no finite recovery through faster selection; learned selection has no measured speed advantage"
    },
    {
      "family": "gnn",
      "seed": 6000006,
      "mean_of_three_graph_median_selection_seconds": 0.0013885276666769641,
      "adaptive_mean_of_three_graph_median_selection_seconds": 4.534833654664301e-06,
      "decisions_per_search_scenario": 30,
      "seconds_saved_per_decision": -0.0013839928330223,
      "seconds_saved_per_search_scenario": -0.041519784990668995,
      "model_training_seconds": 6.002456334001181,
      "shared_label_and_tuning_seconds": 14477.984918911003,
      "searches_to_recover_model_training_only": null,
      "searches_to_recover_training_labels_and_tuning": null,
      "finite_inference_only_break_even": false,
      "interpretation": "no finite recovery through faster selection; learned selection has no measured speed advantage"
    },
    {
      "family": "gnn",
      "seed": 6000007,
      "mean_of_three_graph_median_selection_seconds": 0.00138329166687375,
      "adaptive_mean_of_three_graph_median_selection_seconds": 4.534833654664301e-06,
      "decisions_per_search_scenario": 30,
      "seconds_saved_per_decision": -0.0013787568332190858,
      "seconds_saved_per_search_scenario": -0.041362704996572575,
      "model_training_seconds": 5.9648063340009685,
      "shared_label_and_tuning_seconds": 14477.984918911003,
      "searches_to_recover_model_training_only": null,
      "searches_to_recover_training_labels_and_tuning": null,
      "finite_inference_only_break_even": false,
      "interpretation": "no finite recovery through faster selection; learned selection has no measured speed advantage"
    },
    {
      "family": "mlp",
      "seed": 6000000,
      "mean_of_three_graph_median_selection_seconds": 0.0008666178334048406,
      "adaptive_mean_of_three_graph_median_selection_seconds": 4.534833654664301e-06,
      "decisions_per_search_scenario": 30,
      "seconds_saved_per_decision": -0.0008620829997501762,
      "seconds_saved_per_search_scenario": -0.025862489992505285,
      "model_training_seconds": 1.4572967090007296,
      "shared_label_and_tuning_seconds": 14477.984918911003,
      "searches_to_recover_model_training_only": null,
      "searches_to_recover_training_labels_and_tuning": null,
      "finite_inference_only_break_even": false,
      "interpretation": "no finite recovery through faster selection; learned selection has no measured speed advantage"
    },
    {
      "family": "mlp",
      "seed": 6000001,
      "mean_of_three_graph_median_selection_seconds": 0.0008664373332673373,
      "adaptive_mean_of_three_graph_median_selection_seconds": 4.534833654664301e-06,
      "decisions_per_search_scenario": 30,
      "seconds_saved_per_decision": -0.000861902499612673,
      "seconds_saved_per_search_scenario": -0.025857074988380187,
      "model_training_seconds": 1.4366300830006367,
      "shared_label_and_tuning_seconds": 14477.984918911003,
      "searches_to_recover_model_training_only": null,
      "searches_to_recover_training_labels_and_tuning": null,
      "finite_inference_only_break_even": false,
      "interpretation": "no finite recovery through faster selection; learned selection has no measured speed advantage"
    },
    {
      "family": "mlp",
      "seed": 6000002,
      "mean_of_three_graph_median_selection_seconds": 0.0008779166664680815,
      "adaptive_mean_of_three_graph_median_selection_seconds": 4.534833654664301e-06,
      "decisions_per_search_scenario": 30,
      "seconds_saved_per_decision": -0.0008733818328134172,
      "seconds_saved_per_search_scenario": -0.026201454984402517,
      "model_training_seconds": 1.459967916000096,
      "shared_label_and_tuning_seconds": 14477.984918911003,
      "searches_to_recover_model_training_only": null,
      "searches_to_recover_training_labels_and_tuning": null,
      "finite_inference_only_break_even": false,
      "interpretation": "no finite recovery through faster selection; learned selection has no measured speed advantage"
    },
    {
      "family": "mlp",
      "seed": 6000003,
      "mean_of_three_graph_median_selection_seconds": 0.0008671110002372492,
      "adaptive_mean_of_three_graph_median_selection_seconds": 4.534833654664301e-06,
      "decisions_per_search_scenario": 30,
      "seconds_saved_per_decision": -0.0008625761665825848,
      "seconds_saved_per_search_scenario": -0.025877284997477545,
      "model_training_seconds": 1.4342694169990864,
      "shared_label_and_tuning_seconds": 14477.984918911003,
      "searches_to_recover_model_training_only": null,
      "searches_to_recover_training_labels_and_tuning": null,
      "finite_inference_only_break_even": false,
      "interpretation": "no finite recovery through faster selection; learned selection has no measured speed advantage"
    },
    {
      "family": "mlp",
      "seed": 6000004,
      "mean_of_three_graph_median_selection_seconds": 0.0008700485004737857,
      "adaptive_mean_of_three_graph_median_selection_seconds": 4.534833654664301e-06,
      "decisions_per_search_scenario": 30,
      "seconds_saved_per_decision": -0.0008655136668191213,
      "seconds_saved_per_search_scenario": -0.02596541000457364,
      "model_training_seconds": 1.4520540420016914,
      "shared_label_and_tuning_seconds": 14477.984918911003,
      "searches_to_recover_model_training_only": null,
      "searches_to_recover_training_labels_and_tuning": null,
      "finite_inference_only_break_even": false,
      "interpretation": "no finite recovery through faster selection; learned selection has no measured speed advantage"
    },
    {
      "family": "mlp",
      "seed": 6000005,
      "mean_of_three_graph_median_selection_seconds": 0.0008729166665943922,
      "adaptive_mean_of_three_graph_median_selection_seconds": 4.534833654664301e-06,
      "decisions_per_search_scenario": 30,
      "seconds_saved_per_decision": -0.0008683818329397278,
      "seconds_saved_per_search_scenario": -0.026051454988191836,
      "model_training_seconds": 1.4333828750004614,
      "shared_label_and_tuning_seconds": 14477.984918911003,
      "searches_to_recover_model_training_only": null,
      "searches_to_recover_training_labels_and_tuning": null,
      "finite_inference_only_break_even": false,
      "interpretation": "no finite recovery through faster selection; learned selection has no measured speed advantage"
    },
    {
      "family": "mlp",
      "seed": 6000006,
      "mean_of_three_graph_median_selection_seconds": 0.0008707361666893121,
      "adaptive_mean_of_three_graph_median_selection_seconds": 4.534833654664301e-06,
      "decisions_per_search_scenario": 30,
      "seconds_saved_per_decision": -0.0008662013330346477,
      "seconds_saved_per_search_scenario": -0.025986039991039434,
      "model_training_seconds": 1.4545192500008852,
      "shared_label_and_tuning_seconds": 14477.984918911003,
      "searches_to_recover_model_training_only": null,
      "searches_to_recover_training_labels_and_tuning": null,
      "finite_inference_only_break_even": false,
      "interpretation": "no finite recovery through faster selection; learned selection has no measured speed advantage"
    },
    {
      "family": "mlp",
      "seed": 6000007,
      "mean_of_three_graph_median_selection_seconds": 0.0008719026667070769,
      "adaptive_mean_of_three_graph_median_selection_seconds": 4.534833654664301e-06,
      "decisions_per_search_scenario": 30,
      "seconds_saved_per_decision": -0.0008673678330524126,
      "seconds_saved_per_search_scenario": -0.026021034991572378,
      "model_training_seconds": 1.434641499999998,
      "shared_label_and_tuning_seconds": 14477.984918911003,
      "searches_to_recover_model_training_only": null,
      "searches_to_recover_training_labels_and_tuning": null,
      "finite_inference_only_break_even": false,
      "interpretation": "no finite recovery through faster selection; learned selection has no measured speed advantage"
    }
  ],
  "scope": "predeclared cached-selection scenario on n20/35/40 and 30 decisions per search",
  "limitations": [
    "Includes feature extraction and selection, excluding checkpoint loading and common candidate generation.",
    "Search trajectories can use different numbers of repairs; this scenario is not an observed end-to-end saving.",
    "All shared label/tuning cost is conservatively charged to each deployment scenario; scenarios must not be added together.",
    "Primary fixed-time graph quality and gate results are analyzed separately; latency cannot replace them.",
    "A null recovery count means no finite inference-only break-even was demonstrated.",
    "The ledger reports retained experiment/model wall time, not human research time or all orchestration overhead."
  ],
  "models_sha256": "f356a9559c86f6ae87f2559383f39190b663d043885a580906215ec905e2b4c6",
  "profile_results_sha256": "30d98012a87d741e221dd077c42f7e217ee677ecad0e711341cbee13ac3f593f",
  "ledger_sha256": "4718301d3fec8242055e7dff0e4c012e36073f3013f4b0ec2ee0de2c84ab43cb"
}
