{
  "auditor_sha256": "26932bfa0248b95f145eeae76772d0c777fd03d6dae6e1515979bcbd6a364701",
  "claimed_local_certificates_checked": 1432,
  "complete_panel": true,
  "eligible_for_inference": false,
  "expected_records": 96,
  "failed_records": [],
  "feasibility_passed": false,
  "improved_states_by_size": {},
  "legacy_timing_records": 0,
  "limitations": [
    "Set-based witness checks, not a separate CP optimality proof checker.",
    "Stored monotonic timestamps are checked for consistency, not externally remeasured.",
    "Repair equal-score replacement witnesses may lack an event; only the recorded improvement witness receives its timestamp."
  ],
  "local_certificates_independently_proved": false,
  "protocol_sha256": "4f7fe70e50383d7f59dd943c31be0a1a47c3ef65017e54b76c26acea56198e51",
  "records": 96,
  "repair_equal_score_replacements_without_event": 122,
  "results_bytes": 5272862,
  "results_sha256": "b35d4010ffd185626f1f5ed0b14b2a3173e4aa062955cfea6c9b0f2cdad185ea",
  "source_sha256": "13dfb0462b19f14913184fc98c10d234c6c66ea247d9efb1dc4899b66b16eafb",
  "stage": "collection",
  "timed_repair_records": 3445,
  "unfinished_line_bytes": 0,
  "verified_graphs": 5950
}
