20 0 complete
20 1 complete
20 2 complete
20 3 complete
20 4 complete
20 5 complete
20 6 complete
20 7 complete
20 8 complete
20 9 complete
20 10 complete
20 11 complete
20 12 complete
20 13 complete
20 14 complete
20 15 complete
24 0 complete
24 1 complete
24 2 complete
24 3 complete
24 4 complete
24 5 complete
24 6 complete
24 7 complete
24 8 complete
24 9 complete
24 10 complete
24 11 complete
24 12 complete
24 13 complete
24 14 complete
24 15 complete
28 0 complete
28 1 complete
28 2 complete
28 3 complete
28 4 complete
28 5 complete
28 6 complete
28 7 complete
28 8 complete
28 9 complete
28 10 complete
28 11 complete
28 12 complete
28 13 complete
28 14 complete
28 15 complete
32 0 complete
32 1 complete
32 2 complete
32 3 complete
32 4 complete
32 5 complete
32 6 complete
32 7 complete
32 8 complete
32 9 complete
32 10 complete
32 11 complete
32 12 complete
32 13 complete
32 14 complete
32 15 complete
36 0 complete
36 1 complete
36 2 complete
36 3 complete
36 4 complete
36 5 complete
36 6 complete
36 7 complete
36 8 complete
36 9 complete
36 10 complete
36 11 complete
36 12 complete
36 13 complete
36 14 complete
36 15 complete
40 0 complete
40 1 complete
40 2 complete
40 3 complete
40 4 complete
40 5 complete
40 6 complete
40 7 complete
40 8 complete
40 9 complete
40 10 complete
40 11 complete
40 12 complete
40 13 complete
40 14 complete
40 15 complete
