25 0 adaptive/explore_stagnation10 63 complete
25 0 adaptive/stagnation5 63 complete
25 0 tabu/reactive_h5 63 complete
25 0 tabu/reactive_h12_25 63 complete
25 0 tabu/fixed_h5 63 complete
25 0 adaptive/stagnation10 63 complete
25 0 adaptive/stagnation20 63 complete
25 0 tabu/reactive_h7_15 63 complete
25 1 adaptive/stagnation10 63 complete
25 1 tabu/reactive_h5 63 complete
25 1 tabu/reactive_h7_15 63 complete
25 1 tabu/reactive_h12_25 63 complete
25 1 adaptive/stagnation20 63 complete
25 1 adaptive/stagnation5 62 complete
25 1 adaptive/explore_stagnation10 63 complete
25 1 tabu/fixed_h5 63 complete
25 2 tabu/reactive_h12_25 63 complete
25 2 tabu/fixed_h5 63 complete
25 2 tabu/reactive_h5 63 complete
25 2 adaptive/stagnation20 63 complete
25 2 adaptive/stagnation10 63 complete
25 2 adaptive/explore_stagnation10 63 complete
25 2 adaptive/stagnation5 63 complete
25 2 tabu/reactive_h7_15 63 complete
31 0 tabu/reactive_h12_25 90 complete
31 0 adaptive/explore_stagnation10 90 complete
31 0 adaptive/stagnation20 90 complete
31 0 tabu/reactive_h7_15 90 complete
31 0 tabu/fixed_h5 90 complete
31 0 adaptive/stagnation5 90 complete
31 0 tabu/reactive_h5 90 complete
31 0 adaptive/stagnation10 90 complete
31 1 adaptive/stagnation5 90 complete
31 1 tabu/reactive_h7_15 90 complete
31 1 adaptive/stagnation10 90 complete
31 1 tabu/reactive_h12_25 90 complete
31 1 tabu/fixed_h5 90 complete
31 1 tabu/reactive_h5 90 complete
31 1 adaptive/explore_stagnation10 90 complete
31 1 adaptive/stagnation20 90 complete
31 2 tabu/reactive_h5 90 complete
31 2 adaptive/stagnation5 90 complete
31 2 tabu/reactive_h12_25 90 complete
31 2 tabu/fixed_h5 90 complete
31 2 tabu/reactive_h7_15 90 complete
31 2 adaptive/stagnation20 90 complete
31 2 adaptive/stagnation10 90 complete
31 2 adaptive/explore_stagnation10 90 complete
35 0 tabu/reactive_h7_15 106 complete
35 0 tabu/reactive_h12_25 104 complete
35 0 adaptive/stagnation20 101 complete
35 0 tabu/reactive_h5 106 complete
35 0 tabu/fixed_h5 106 complete
35 0 adaptive/stagnation10 101 complete
35 0 adaptive/stagnation5 101 complete
35 0 adaptive/explore_stagnation10 101 complete
35 1 adaptive/stagnation10 102 complete
35 1 adaptive/stagnation5 102 complete
35 1 tabu/reactive_h12_25 106 complete
35 1 tabu/reactive_h5 106 complete
35 1 adaptive/stagnation20 102 complete
35 1 tabu/fixed_h5 106 complete
35 1 tabu/reactive_h7_15 106 complete
35 1 adaptive/explore_stagnation10 102 complete
35 2 tabu/reactive_h5 106 complete
35 2 adaptive/explore_stagnation10 101 complete
35 2 tabu/fixed_h5 106 complete
35 2 tabu/reactive_h7_15 106 complete
35 2 adaptive/stagnation5 101 complete
35 2 tabu/reactive_h12_25 105 complete
35 2 adaptive/stagnation10 101 complete
35 2 adaptive/stagnation20 101 complete
40 0 adaptive/stagnation5 124 complete
40 0 tabu/fixed_h5 125 complete
40 0 adaptive/explore_stagnation10 124 complete
40 0 adaptive/stagnation10 124 complete
40 0 adaptive/stagnation20 124 complete
40 0 tabu/reactive_h5 125 complete
40 0 tabu/reactive_h7_15 124 complete
40 0 tabu/reactive_h12_25 124 complete
40 1 tabu/fixed_h5 125 complete
40 1 adaptive/stagnation20 124 complete
40 1 tabu/reactive_h12_25 124 complete
40 1 tabu/reactive_h7_15 124 complete
40 1 tabu/reactive_h5 125 complete
40 1 adaptive/explore_stagnation10 124 complete
40 1 adaptive/stagnation10 124 complete
40 1 adaptive/stagnation5 124 complete
40 2 adaptive/explore_stagnation10 124 complete
40 2 tabu/reactive_h7_15 125 complete
40 2 adaptive/stagnation5 124 complete
40 2 adaptive/stagnation20 124 complete
40 2 adaptive/stagnation10 124 complete
40 2 tabu/reactive_h5 125 complete
40 2 tabu/fixed_h5 125 complete
40 2 tabu/reactive_h12_25 124 complete
